---
source: crates/ruff_python_formatter/src/lib.rs
expression: snapshot
input_file: crates/ruff_python_formatter/resources/test/fixtures/black/simple_cases/beginning_backslash.py
---
## Input


```py
\





print("hello, world")

```


## Black Differences


```diff
--- Black
+++ Ruff
@@ -1,7 +1 @@
----
-source: src/source_code/mod.rs
-assertion_line: 0
-expression: formatted
----
-print("hello, world")
-
+print("hello, world")
\ No newline at end of file

```


## Ruff Output


```py
print("hello, world")
```


## Black Output


```py
---
source: src/source_code/mod.rs
assertion_line: 0
expression: formatted
---
print("hello, world")


```



