---
source: crates/ruff_python_formatter/src/lib.rs
expression: snapshot
input_file: crates/ruff_python_formatter/resources/test/fixtures/black/simple_cases/docstring_no_extra_empty_line_before_eof.py
---
## Input


```py
# Make sure when the file ends with class's docstring,
# It doesn't add extra blank lines.
class ClassWithDocstring:
    """A docstring."""

```


## Black Differences


```diff
--- Black
+++ Ruff
@@ -2,4 +2,3 @@
 # It doesn't add extra blank lines.
 class ClassWithDocstring:
     """A docstring."""
-

```


## Ruff Output


```py
# Make sure when the file ends with class's docstring,
# It doesn't add extra blank lines.
class ClassWithDocstring:
    """A docstring."""

```


## Black Output


```py
# Make sure when the file ends with class's docstring,
# It doesn't add extra blank lines.
class ClassWithDocstring:
    """A docstring."""


```



